+ PARTITION=Zoetrope
+ INPUT_VIDEO=
+ FORMAT=
+ FPS=
+ CKPT=
+ GPUS=1
+ JOB_NAME=inference_
+ GPUS_PER_NODE=1
+ CPUS_PER_TASK=4
+ SRUN_ARGS=
+ IMG_PATH=../demo/images/
+ SAVE_DIR=../demo/results/
+ mkdir ../demo/images/
mkdir: cannot create directory '../demo/images/': File exists
+ mkdir ../demo/results/
mkdir: cannot create directory '../demo/results/': File exists
+ ffmpeg -i ../demo/videos/. -f image2 -vf fps=/1 -qscale 0 ../demo/images//%06d.jpg
ffmpeg version 4.4.2-0ubuntu0.22.04.1 Copyright (c) 2000-2021 the FFmpeg developers
  built with gcc 11 (Ubuntu 11.2.0-19ubuntu1)
  configuration: --prefix=/usr --extra-version=0ubuntu0.22.04.1 --toolchain=hardened --libdir=/usr/lib/x86_64-linux-gnu --incdir=/usr/include/x86_64-linux-gnu --arch=amd64 --enable-gpl --disable-stripping --enable-gnutls --enable-ladspa --enable-libaom --enable-libass --enable-libbluray --enable-libbs2b --enable-libcaca --enable-libcdio --enable-libcodec2 --enable-libdav1d --enable-libflite --enable-libfontconfig --enable-libfreetype --enable-libfribidi --enable-libgme --enable-libgsm --enable-libjack --enable-libmp3lame --enable-libmysofa --enable-libopenjpeg --enable-libopenmpt --enable-libopus --enable-libpulse --enable-librabbitmq --enable-librubberband --enable-libshine --enable-libsnappy --enable-libsoxr --enable-libspeex --enable-libsrt --enable-libssh --enable-libtheora --enable-libtwolame --enable-libvidstab --enable-libvorbis --enable-libvpx --enable-libwebp --enable-libx265 --enable-libxml2 --enable-libxvid --enable-libzimg --enable-libzmq --enable-libzvbi --enable-lv2 --enable-omx --enable-openal --enable-opencl --enable-opengl --enable-sdl2 --enable-pocketsphinx --enable-librsvg --enable-libmfx --enable-libdc1394 --enable-libdrm --enable-libiec61883 --enable-chromaprint --enable-frei0r --enable-libx264 --enable-shared
  libavutil      56. 70.100 / 56. 70.100
  libavcodec     58.134.100 / 58.134.100
  libavformat    58. 76.100 / 58. 76.100
  libavdevice    58. 13.100 / 58. 13.100
  libavfilter     7.110.100 /  7.110.100
  libswscale      5.  9.100 /  5.  9.100
  libswresample   3.  9.100 /  3.  9.100
  libpostproc    55.  9.100 / 55.  9.100
../demo/videos/.: Is a directory
++ find ../demo/images/ -type f
++ wc -l
+ end_count=3258
+ echo 3258
3258
++ dirname /var/spool/slurmd/job09784/slurm_script
+ PYTHONPATH=/var/spool/slurmd/job09784/..:
+ srun -p Zoetrope --job-name=inference_ --gres=gpu:1 --ntasks=1 --ntasks-per-node=1 --cpus-per-task=4 --kill-on-bad-exit=1 python inference.py --num_gpus 1 --exp_name output/demo_inference_ --pretrained_model --agora_benchmark agora_model --img_path ../demo/images/ --start 1 --end 3258 --output_folder ../demo/results/ --show_verts --show_bbox --save_mesh
srun: Job step's --cpus-per-task value exceeds that of job (4 > 2). Job step may never run.
srun: Job 9784 step creation temporarily disabled, retrying (Requested nodes are busy)
srun: error: Unable to create step for job 9784: Job/step already completing or completed
slurmstepd: error: *** JOB 9784 ON deepspeech CANCELLED AT 2026-06-03T10:49:20 DUE TO TIME LIMIT ***
